Microchip MPLAB XC8 Compiler V2.20

Linker command line:

-W-3 --edf=C:\Program Files\Microchip\xc8\v2.20\pic\dat\en_msgs.txt -cn \
  -h+dist/default/production\Projeto.X.production.sym \
  --cmf=dist/default/production\Projeto.X.production.cmf -z -Q18F4520 \
  -oC:\Users\x_nak\AppData\Local\Temp\sggk.2 --defsym=__MPLAB_BUILD=1 \
  -Mdist/default/production/Projeto.X.production.map -E1 -ver=XC8 Compiler \
  --acfsm=1493 -ASTACK=080h-05FFh -pstack=STACK -ACODE=00h-07FFFh \
  -ACONST=00h-07FFFh -ASMALLCONST=0600h-06FFhx122 \
  -AMEDIUMCONST=0600h-07FFFh -ACOMRAM=01h-07Fh -AABS1=00h-05FFh \
  -ABIGRAM=01h-05FFh -ARAM=080h-0FFh,0100h-01FFhx5 -ABANK0=080h-0FFh \
  -ABANK1=0100h-01FFh -ABANK2=0200h-02FFh -ABANK3=0300h-03FFh \
  -ABANK4=0400h-04FFh -ABANK5=0500h-05FFh -ASFR=0F80h-0FFFh \
  -ACONFIG=0300000h-030000Dh -AIDLOC=0200000h-0200007h \
  -preset_vec=00h,intcode,intcodelo,powerup,init -pramtop=0600h \
  -psmallconst=SMALLCONST -pmediumconst=MEDIUMCONST -pconst=CONST \
  -AFARRAM=00h-00h -AEEDATA=0F00000h-0F000FFh -peeprom_data=EEDATA \
  -prdata=COMRAM,nvrram=COMRAM,nvbit=COMRAM,rbss=COMRAM,rbit=COMRAM \
  -pfarbss=FARRAM,fardata=FARRAM,nvFARRAM=FARRAM \
  -pintsave_regs=BIGRAM,bigbss=BIGRAM,bigdata=BIGRAM -pbss=RAM \
  -pidata=CODE,irdata=CODE,ibigdata=CODE,ifardata=CODE -prparam=COMRAM \
  C:\Users\x_nak\AppData\Local\Temp\sggk.o \
  dist/default/production\Projeto.X.production.o 

Object code version is 3.11

Machine type is 18F4520



                Name                               Link     Load   Length Selector   Space Scale
C:\Users\x_nak\AppData\Local\Temp\sggk.o
                idloc                            200000   200000        8        0       5
                config                           300000   300000        E        0       4
                init                                  0        0        4        0       0
dist/default/production\Projeto.X.production.o
                idloc                            200000   200000        8        0       5
                config                           300000   300000        E        0       4
                smallconst                          600      600       9A      300       0
                text12                              69A      69A      446      34D       0
                text11                             14CA     14CA       64      34D       0
                text10                             166A     166A        8      34D       0
                text9                              1632     1632       2A      34D       0
                text8                              152E     152E       5C      34D       0
                text7                              1608     1608       2A      34D       0
                text6                              158A     158A       50      34D       0
                text5                               E8A      E8A      1CA      34D       0
                text4                              12CE     12CE      108      34D       0
                text3                              1054     1054      16C      34D       0
                text2                              13D6     13D6       F4      34D       0
                text1                              11C0     11C0      10E      34D       0
                text0                               AE0      AE0      3AA      34D       0
                cstackCOMRAM                          1        1       33        1       1
                dataCOMRAM                           34       34        E        1       1
                cinit                              15DA     15DA       2E      34D       0
                idataCOMRAM                        165C     165C        E      34D       0

TOTAL           Name                               Link     Load   Length     Space
        CLASS   STACK          

        CLASS   CODE           
                init                                  0        0        4         0
                text12                              69A      69A      446         0
                text11                             14CA     14CA       64         0
                text10                             166A     166A        8         0
                text9                              1632     1632       2A         0
                text8                              152E     152E       5C         0
                text7                              1608     1608       2A         0
                text6                              158A     158A       50         0
                text5                               E8A      E8A      1CA         0
                text4                              12CE     12CE      108         0
                text3                              1054     1054      16C         0
                text2                              13D6     13D6       F4         0
                text1                              11C0     11C0      10E         0
                text0                               AE0      AE0      3AA         0
                cinit                              15DA     15DA       2E         0
                idataCOMRAM                        165C     165C        E         0

        CLASS   CONST          

        CLASS   SMALLCONST     
                smallconst                          600      600       9A         0

        CLASS   MEDIUMCONST    

        CLASS   COMRAM         
                cstackCOMRAM                          1        1       33         1
                dataCOMRAM                           34       34        E         1

        CLASS   ABS1           

        CLASS   BIGRAM         

        CLASS   RAM            

        CLASS   BANK0          

        CLASS   BANK1          

        CLASS   BANK2          

        CLASS   BANK3          

        CLASS   BANK4          

        CLASS   BANK5          

        CLASS   SFR            

        CLASS   CONFIG         
                config                           300000   300000        E         4

        CLASS   IDLOC          
                idloc                            200000   200000        8         5

        CLASS   FARRAM         

        CLASS   EEDATA         



SEGMENTS        Name                           Load    Length   Top    Selector   Space  Class

                reset_vec                      000000  000004  000004         0       0  CODE    
                cstackCOMRAM                   000001  000041  000042         1       1  COMRAM  
                smallconst                     000600  00009A  00069A       300       0  SMALLCON
                text12                         00069A  000FD8  001672       34D       0  CODE    


UNUSED ADDRESS RANGES

        Name                Unused          Largest block    Delta
        BANK0            000080-0000FF               80
        BANK1            000100-0001FF              100
        BANK2            000200-0002FF              100
        BANK3            000300-0003FF              100
        BANK4            000400-0004FF              100
        BANK5            000500-0005FF              100
        BIGRAM           000042-0005FF              5BE
        CODE             000004-0005FF              5FC
                         001672-007FFF             698E
        COMRAM           000042-00007F               3E
        CONST            000004-0005FF              5FC
                         001672-007FFF             698E
        EEDATA           F00000-F000FF              100
        MEDIUMCONST      001672-007FFF             698E
        RAM              000080-0005FF              100
        SFR              000F80-000FFF               80
        SMALLCONST       001672-007FFF              100
        STACK            000080-0005FF              580

                                  Symbol Table

?_leconta                cstackCOMRAM 00000E
?_soma                   cstackCOMRAM 000001
?_subtrai                cstackCOMRAM 000001
__HRAM                   (abs)        000000
__Habs1                  abs1         000000
__Hbank0                 bank0        000000
__Hbank1                 bank1        000000
__Hbank2                 bank2        000000
__Hbank3                 bank3        000000
__Hbank4                 bank4        000000
__Hbank5                 bank5        000000
__Hbigbss                bigbss       000000
__Hbigdata               bigdata      000000
__Hbigram                bigram       000000
__Hbss                   bss          000000
__Hcinit                 cinit        000000
__Hclrtext               clrtext      000000
__Hcomram                comram       000000
__Hconfig                config       30000E
__Hconst                 const        000000
__HcstackCOMRAM          cstackCOMRAM 000000
__Hdata                  data         000000
__HdataCOMRAM            dataCOMRAM   000000
__Heeprom_data           eeprom_data  000000
__Hfarbss                farbss       000000
__Hfardata               fardata      000000
__Hibigdata              ibigdata     000000
__Hidata                 idata        000000
__HidataCOMRAM           idataCOMRAM  000000
__Hidloc                 idloc        200008
__Hifardata              ifardata     000000
__Hinit                  init         000004
__Hintcode               intcode      000000
__Hintcode_body          intcode_body 000000
__Hintcodelo             intcodelo    000000
__Hintentry              intentry     000000
__Hintret                intret       000000
__Hintsave_regs          intsave_regs 000000
__Hirdata                irdata       000000
__Hmediumconst           mediumconst  000000
__HnvFARRAM              nvFARRAM     000000
__Hnvbit                 nvbit        000000
__Hnvrram                nvrram       000000
__Hparam                 rparam       000000
__Hpowerup               powerup      000000
__Hram                   ram          000000
__Hramtop                ramtop       000600
__Hrbit                  rbit         000000
__Hrbss                  rbss         000000
__Hrdata                 rdata        000000
__Hreset_vec             reset_vec    000000
__Hrparam                rparam       000000
__Hsfr                   sfr          000000
__Hsmallconst            smallconst   00069A
__Hspace_0               (abs)        001672
__Hspace_1               (abs)        000042
__Hspace_2               (abs)        000000
__Hspace_4               (abs)        60000E
__Hstack                 stack        000000
__Hstruct                struct       000000
__Htemp                  temp         000000
__Htext                  text         000000
__Htext0                 text0        000000
__Htext1                 text1        000000
__Htext10                text10       000000
__Htext11                text11       000000
__Htext12                text12       000000
__Htext2                 text2        000000
__Htext3                 text3        000000
__Htext4                 text4        000000
__Htext5                 text5        000000
__Htext6                 text6        000000
__Htext7                 text7        000000
__Htext8                 text8        000000
__Htext9                 text9        000000
__LRAM                   (abs)        000001
__Labs1                  abs1         000000
__Lbank0                 bank0        000000
__Lbank1                 bank1        000000
__Lbank2                 bank2        000000
__Lbank3                 bank3        000000
__Lbank4                 bank4        000000
__Lbank5                 bank5        000000
__Lbigbss                bigbss       000000
__Lbigdata               bigdata      000000
__Lbigram                bigram       000000
__Lbss                   bss          000000
__Lcinit                 cinit        000000
__Lclrtext               clrtext      000000
__Lcomram                comram       000000
__Lconfig                config       000000
__Lconst                 const        000000
__LcstackCOMRAM          cstackCOMRAM 000000
__Ldata                  data         000000
__LdataCOMRAM            dataCOMRAM   000000
__Leeprom_data           eeprom_data  000000
__Lfarbss                farbss       000000
__Lfardata               fardata      000000
__Libigdata              ibigdata     000000
__Lidata                 idata        000000
__LidataCOMRAM           idataCOMRAM  000000
__Lidloc                 idloc        000000
__Lifardata              ifardata     000000
__Linit                  init         000000
__Lintcode               intcode      000000
__Lintcode_body          intcode_body 000000
__Lintcodelo             intcodelo    000000
__Lintentry              intentry     000000
__Lintret                intret       000000
__Lintsave_regs          intsave_regs 000000
__Lirdata                irdata       000000
__Lmediumconst           mediumconst  000000
__LnvFARRAM              nvFARRAM     000000
__Lnvbit                 nvbit        000000
__Lnvrram                nvrram       000000
__Lparam                 rparam       000000
__Lpowerup               powerup      000000
__Lram                   ram          000000
__Lramtop                ramtop       000600
__Lrbit                  rbit         000000
__Lrbss                  rbss         000000
__Lrdata                 rdata        000000
__Lreset_vec             reset_vec    000000
__Lrparam                rparam       000000
__Lsfr                   sfr          000000
__Lsmallconst            smallconst   000600
__Lspace_0               (abs)        000000
__Lspace_1               (abs)        000000
__Lspace_2               (abs)        000000
__Lspace_4               (abs)        000000
__Lstack                 stack        000000
__Lstruct                struct       000000
__Ltemp                  temp         000000
__Ltext                  text         000000
__Ltext0                 text0        000000
__Ltext1                 text1        000000
__Ltext10                text10       000000
__Ltext11                text11       000000
__Ltext12                text12       000000
__Ltext2                 text2        000000
__Ltext3                 text3        000000
__Ltext4                 text4        000000
__Ltext5                 text5        000000
__Ltext6                 text6        000000
__Ltext7                 text7        000000
__Ltext8                 text8        000000
__Ltext9                 text9        000000
__S0                     (abs)        001672
__S1                     (abs)        000042
__S2                     (abs)        000000
__S4                     (abs)        000000
__S5                     (abs)        000000
___inthi_sp              stack        000000
___intlo_sp              stack        000000
___param_bank            (abs)        000000
___rparam_used           (abs)        000001
___sp                    stack        000000
__accesstop              (abs)        000080
__activetblptr           (abs)        000001
__end_of__initialization cinit        0015FA
__end_of_atraso_ms       text11       00152E
__end_of_exibeSeg        text12       000AE0
__end_of_lcd_cmd         text9        00165C
__end_of_lcd_dat         text7        001632
__end_of_lcd_init        text8        00158A
__end_of_lcd_str         text6        0015DA
__end_of_lcd_wr          text10       001672
__end_of_leconta         text4        0013D6
__end_of_linha           smallconst   000605
__end_of_main            text0        000E8A
__end_of_piscaLed        text3        0011C0
__end_of_soma            text2        0014CA
__end_of_subtrai         text1        0012CE
__end_of_tc_tecla        text5        001054
__initialization         cinit        0015DA
__mediumconst            mediumconst  000000
__pcinit                 cinit        0015DA
__pcstackCOMRAM          cstackCOMRAM 000001
__pdataCOMRAM            dataCOMRAM   000034
__pidataCOMRAM           idataCOMRAM  00165C
__psmallconst            smallconst   000600
__ptext0                 text0        000AE0
__ptext1                 text1        0011C0
__ptext10                text10       00166A
__ptext11                text11       0014CA
__ptext12                text12       00069A
__ptext2                 text2        0013D6
__ptext3                 text3        001054
__ptext4                 text4        0012CE
__ptext5                 text5        000E8A
__ptext6                 text6        00158A
__ptext7                 text7        001608
__ptext8                 text8        00152E
__ptext9                 text9        001632
__ramtop                 ramtop       000600
__size_of_atraso_ms      (abs)        000000
__size_of_exibeSeg       (abs)        000000
__size_of_lcd_cmd        (abs)        000000
__size_of_lcd_dat        (abs)        000000
__size_of_lcd_init       (abs)        000000
__size_of_lcd_str        (abs)        000000
__size_of_lcd_wr         (abs)        000000
__size_of_leconta        (abs)        000000
__size_of_main           (abs)        000000
__size_of_piscaLed       (abs)        000000
__size_of_soma           (abs)        000000
__size_of_subtrai        (abs)        000000
__size_of_tc_tecla       (abs)        000000
__smallconst             smallconst   000600
_atraso                  dataCOMRAM   000034
_atrasoLed               dataCOMRAM   000038
_atrasoMax               dataCOMRAM   00003C
_atrasoMax2              dataCOMRAM   00003A
_atrasoMed               dataCOMRAM   00003E
_atrasoMin               dataCOMRAM   000040
_atraso_min              dataCOMRAM   000036
_atraso_ms               text11       0014CA
_exibeSeg                text12       00069A
_lcd_cmd                 text9        001632
_lcd_dat                 text7        001608
_lcd_init                text8        00152E
_lcd_str                 text6        00158A
_lcd_wr                  text10       00166A
_leconta                 text4        0012CE
_linha                   smallconst   000601
_main                    text0        000AE0
_piscaLed                text3        001054
_soma                    text2        0013D6
_subtrai                 text1        0011C0
_tc_tecla                text5        000E8A
atraso_ms@i              cstackCOMRAM 000003
atraso_ms@j              cstackCOMRAM 000005
atraso_ms@k              cstackCOMRAM 000006
atraso_ms@t              cstackCOMRAM 000001
end_of_initialization    cinit        0015FA
exibeSeg@k               cstackCOMRAM 000005
exibeSeg@saldo           cstackCOMRAM 000001
intlevel0                text         000000
intlevel1                text         000000
intlevel2                text         000000
intlevel3                text         000000
lcd_cmd@val              cstackCOMRAM 000007
lcd_dat@val              cstackCOMRAM 000007
lcd_str@i                cstackCOMRAM 00000C
lcd_str@str              cstackCOMRAM 000008
lcd_wr@val               cstackCOMRAM 000001
leconta@i                cstackCOMRAM 000013
leconta@j                cstackCOMRAM 000014
leconta@op               cstackCOMRAM 00000E
leconta@saldo            cstackCOMRAM 000016
leconta@tmp              cstackCOMRAM 000015
main@conta               cstackCOMRAM 000025
main@dep                 cstackCOMRAM 00001B
main@est                 cstackCOMRAM 00002D
main@flag                cstackCOMRAM 000023
main@h                   cstackCOMRAM 00002E
main@h_141               cstackCOMRAM 000029
main@h_151               cstackCOMRAM 00002B
main@sac                 cstackCOMRAM 00001F
main@saldo               cstackCOMRAM 000030
piscaLed@l               cstackCOMRAM 000007
soma@dep                 cstackCOMRAM 000005
soma@i                   cstackCOMRAM 000012
soma@saldo               cstackCOMRAM 000001
stackhi                  (abs)        0005FF
stacklo                  (abs)        000080
start                    init         000000
start_initialization     cinit        0015DA
subtrai@i                cstackCOMRAM 000012
subtrai@sac              cstackCOMRAM 000005
subtrai@saldo            cstackCOMRAM 000001
tc_tecla@i               cstackCOMRAM 00000D
tc_tecla@ret             cstackCOMRAM 00000C
tc_tecla@timeout         cstackCOMRAM 000007
tc_tecla@tmp             cstackCOMRAM 00000B
tc_tecla@to              cstackCOMRAM 000009


FUNCTION INFORMATION:

 *************** function _main *****************
 Defined at:
		line 10 in file "newmain.c"
 Parameters:    Size  Location     Type
		None
 Auto vars:     Size  Location     Type
  h               2   40[COMRAM] int 
  h               2   45[COMRAM] int 
  h               2   42[COMRAM] int 
  saldo           4   47[COMRAM] struct valor
  conta           4   36[COMRAM] struct valor
  sac             4   30[COMRAM] struct valor
  dep             4   26[COMRAM] struct valor
  flag            2   34[COMRAM] int 
  est             1   44[COMRAM] unsigned char 
 Return value:  Size  Location     Type
                  1    wreg      void 
 Registers used:
		wreg, fsr1l, fsr1h, fsr2l, fsr2h, status,2, status,0, tblptrl, tblptrh, tblptru, cstack
 Tracked objects:
		On entry : 
		On exit  : 
		Unchanged: 
 Data sizes:     COMRAM   BANK0   BANK1   BANK2   BANK3   BANK4   BANK5
      Params:         0       0       0       0       0       0       0
      Locals:        25       0       0       0       0       0       0
      Temps:          1       0       0       0       0       0       0
      Totals:        26       0       0       0       0       0       0
Total ram usage:       26 bytes
 Hardware stack levels required when called:    3
 This function calls:
		_exibeSeg
		_lcd_cmd
		_lcd_dat
		_lcd_init
		_lcd_str
		_leconta
		_piscaLed
		_soma
		_subtrai
 This function is called by:
		Startup code after reset
 This function uses a non-reentrant model


 *************** function _subtrai *****************
 Defined at:
		line 284 in file "caixaeletronica.c"
 Parameters:    Size  Location     Type
  saldo           4    0[COMRAM] struct valor
  sac             4    4[COMRAM] struct valor
 Auto vars:     Size  Location     Type
  i               2   17[COMRAM] int 
 Return value:  Size  Location     Type
                  4    0[COMRAM] struct valor
 Registers used:
		wreg, fsr1l, fsr1h, fsr2l, fsr2h, status,2, status,0
 Tracked objects:
		On entry : 
		On exit  : 
		Unchanged: 
 Data sizes:     COMRAM   BANK0   BANK1   BANK2   BANK3   BANK4   BANK5
      Params:         8       0       0       0       0       0       0
      Locals:         2       0       0       0       0       0       0
      Temps:          9       0       0       0       0       0       0
      Totals:        19       0       0       0       0       0       0
Total ram usage:       19 bytes
 Hardware stack levels used:    1
 This function calls:
		Nothing
 This function is called by:
		_main
 This function uses a non-reentrant model


 *************** function _soma *****************
 Defined at:
		line 273 in file "caixaeletronica.c"
 Parameters:    Size  Location     Type
  saldo           4    0[COMRAM] struct valor
  dep             4    4[COMRAM] struct valor
 Auto vars:     Size  Location     Type
  i               2   17[COMRAM] int 
 Return value:  Size  Location     Type
                  4    0[COMRAM] struct valor
 Registers used:
		wreg, fsr1l, fsr1h, fsr2l, fsr2h, status,2, status,0
 Tracked objects:
		On entry : 
		On exit  : 
		Unchanged: 
 Data sizes:     COMRAM   BANK0   BANK1   BANK2   BANK3   BANK4   BANK5
      Params:         8       0       0       0       0       0       0
      Locals:         2       0       0       0       0       0       0
      Temps:          9       0       0       0       0       0       0
      Totals:        19       0       0       0       0       0       0
Total ram usage:       19 bytes
 Hardware stack levels used:    1
 This function calls:
		Nothing
 This function is called by:
		_main
 This function uses a non-reentrant model


 *************** function _piscaLed *****************
 Defined at:
		line 17 in file "caixaeletronica.c"
 Parameters:    Size  Location     Type
		None
 Auto vars:     Size  Location     Type
  l               2    6[COMRAM] int 
 Return value:  Size  Location     Type
                  1    wreg      void 
 Registers used:
		wreg, status,2, status,0, cstack
 Tracked objects:
		On entry : 
		On exit  : 
		Unchanged: 
 Data sizes:     COMRAM   BANK0   BANK1   BANK2   BANK3   BANK4   BANK5
      Params:         0       0       0       0       0       0       0
      Locals:         2       0       0       0       0       0       0
      Temps:          0       0       0       0       0       0       0
      Totals:         2       0       0       0       0       0       0
Total ram usage:        2 bytes
 Hardware stack levels used:    1
 Hardware stack levels required when called:    1
 This function calls:
		_atraso_ms
 This function is called by:
		_main
 This function uses a non-reentrant model


 *************** function _leconta *****************
 Defined at:
		line 238 in file "caixaeletronica.c"
 Parameters:    Size  Location     Type
  op              2   13[COMRAM] int 
 Auto vars:     Size  Location     Type
  saldo           4   21[COMRAM] struct valor
  tmp             1   20[COMRAM] unsigned char 
  j               1   19[COMRAM] unsigned char 
  i               1   18[COMRAM] unsigned char 
 Return value:  Size  Location     Type
                  4   13[COMRAM] struct valor
 Registers used:
		wreg, fsr2l, fsr2h, status,2, status,0, tblptrl, tblptrh, tblptru, cstack
 Tracked objects:
		On entry : 
		On exit  : 
		Unchanged: 
 Data sizes:     COMRAM   BANK0   BANK1   BANK2   BANK3   BANK4   BANK5
      Params:         4       0       0       0       0       0       0
      Locals:         7       0       0       0       0       0       0
      Temps:          1       0       0       0       0       0       0
      Totals:        12       0       0       0       0       0       0
Total ram usage:       12 bytes
 Hardware stack levels used:    1
 Hardware stack levels required when called:    2
 This function calls:
		_atraso_ms
		_lcd_cmd
		_lcd_dat
		_tc_tecla
 This function is called by:
		_main
 This function uses a non-reentrant model


 *************** function _tc_tecla *****************
 Defined at:
		line 14 in file "teclado.c"
 Parameters:    Size  Location     Type
  timeout         2    6[COMRAM] unsigned int 
 Auto vars:     Size  Location     Type
  to              2    8[COMRAM] unsigned int 
  i               1   12[COMRAM] unsigned char 
  ret             1   11[COMRAM] unsigned char 
  tmp             1   10[COMRAM] unsigned char 
 Return value:  Size  Location     Type
                  1    wreg      unsigned char 
 Registers used:
		wreg, status,2, status,0, tblptrl, tblptrh, tblptru, cstack
 Tracked objects:
		On entry : 
		On exit  : 
		Unchanged: 
 Data sizes:     COMRAM   BANK0   BANK1   BANK2   BANK3   BANK4   BANK5
      Params:         2       0       0       0       0       0       0
      Locals:         5       0       0       0       0       0       0
      Temps:          0       0       0       0       0       0       0
      Totals:         7       0       0       0       0       0       0
Total ram usage:        7 bytes
 Hardware stack levels used:    1
 Hardware stack levels required when called:    1
 This function calls:
		_atraso_ms
 This function is called by:
		_leconta
 This function uses a non-reentrant model


 *************** function _lcd_str *****************
 Defined at:
		line 47 in file "lcd.c"
 Parameters:    Size  Location     Type
  str             2    7[COMRAM] PTR const unsigned char 
		 -> STR_11(9), STR_10(25), STR_9(9), STR_8(25), 
		 -> STR_7(13), STR_6(25), STR_5(10), STR_4(11), 
		 -> STR_3(8), STR_2(36), STR_1(35), 
 Auto vars:     Size  Location     Type
  i               1   11[COMRAM] unsigned char 
 Return value:  Size  Location     Type
                  1    wreg      void 
 Registers used:
		wreg, status,2, status,0, tblptrl, tblptrh, tblptru, cstack
 Tracked objects:
		On entry : 
		On exit  : 
		Unchanged: 
 Data sizes:     COMRAM   BANK0   BANK1   BANK2   BANK3   BANK4   BANK5
      Params:         2       0       0       0       0       0       0
      Locals:         1       0       0       0       0       0       0
      Temps:          2       0       0       0       0       0       0
      Totals:         5       0       0       0       0       0       0
Total ram usage:        5 bytes
 Hardware stack levels used:    1
 Hardware stack levels required when called:    2
 This function calls:
		_lcd_dat
 This function is called by:
		_main
 This function uses a non-reentrant model


 *************** function _lcd_dat *****************
 Defined at:
		line 19 in file "lcd.c"
 Parameters:    Size  Location     Type
  val             1    wreg     unsigned char 
 Auto vars:     Size  Location     Type
  val             1    6[COMRAM] unsigned char 
 Return value:  Size  Location     Type
                  1    wreg      void 
 Registers used:
		wreg, status,2, status,0, cstack
 Tracked objects:
		On entry : 
		On exit  : 
		Unchanged: 
 Data sizes:     COMRAM   BANK0   BANK1   BANK2   BANK3   BANK4   BANK5
      Params:         0       0       0       0       0       0       0
      Locals:         1       0       0       0       0       0       0
      Temps:          0       0       0       0       0       0       0
      Totals:         1       0       0       0       0       0       0
Total ram usage:        1 bytes
 Hardware stack levels used:    1
 Hardware stack levels required when called:    1
 This function calls:
		_atraso_ms
		_lcd_wr
 This function is called by:
		_leconta
		_lcd_str
		_main
 This function uses a non-reentrant model


 *************** function _lcd_init *****************
 Defined at:
		line 29 in file "lcd.c"
 Parameters:    Size  Location     Type
		None
 Auto vars:     Size  Location     Type
		None
 Return value:  Size  Location     Type
                  1    wreg      void 
 Registers used:
		wreg, status,2, status,0, cstack
 Tracked objects:
		On entry : 
		On exit  : 
		Unchanged: 
 Data sizes:     COMRAM   BANK0   BANK1   BANK2   BANK3   BANK4   BANK5
      Params:         0       0       0       0       0       0       0
      Locals:         0       0       0       0       0       0       0
      Temps:          0       0       0       0       0       0       0
      Totals:         0       0       0       0       0       0       0
Total ram usage:        0 bytes
 Hardware stack levels used:    1
 Hardware stack levels required when called:    2
 This function calls:
		_atraso_ms
		_lcd_cmd
 This function is called by:
		_main
 This function uses a non-reentrant model


 *************** function _lcd_cmd *****************
 Defined at:
		line 9 in file "lcd.c"
 Parameters:    Size  Location     Type
  val             1    wreg     unsigned char 
 Auto vars:     Size  Location     Type
  val             1    6[COMRAM] unsigned char 
 Return value:  Size  Location     Type
                  1    wreg      void 
 Registers used:
		wreg, status,2, status,0, cstack
 Tracked objects:
		On entry : 
		On exit  : 
		Unchanged: 
 Data sizes:     COMRAM   BANK0   BANK1   BANK2   BANK3   BANK4   BANK5
      Params:         0       0       0       0       0       0       0
      Locals:         1       0       0       0       0       0       0
      Temps:          0       0       0       0       0       0       0
      Totals:         1       0       0       0       0       0       0
Total ram usage:        1 bytes
 Hardware stack levels used:    1
 Hardware stack levels required when called:    1
 This function calls:
		_atraso_ms
		_lcd_wr
 This function is called by:
		_leconta
		_lcd_init
		_main
 This function uses a non-reentrant model


 *************** function _lcd_wr *****************
 Defined at:
		line 5 in file "lcd.c"
 Parameters:    Size  Location     Type
  val             1    wreg     unsigned char 
 Auto vars:     Size  Location     Type
  val             1    0[COMRAM] unsigned char 
 Return value:  Size  Location     Type
                  1    wreg      void 
 Registers used:
		wreg
 Tracked objects:
		On entry : 
		On exit  : 
		Unchanged: 
 Data sizes:     COMRAM   BANK0   BANK1   BANK2   BANK3   BANK4   BANK5
      Params:         0       0       0       0       0       0       0
      Locals:         1       0       0       0       0       0       0
      Temps:          0       0       0       0       0       0       0
      Totals:         1       0       0       0       0       0       0
Total ram usage:        1 bytes
 Hardware stack levels used:    1
 This function calls:
		Nothing
 This function is called by:
		_lcd_cmd
		_lcd_dat
 This function uses a non-reentrant model


 *************** function _atraso_ms *****************
 Defined at:
		line 3 in file "delay.c"
 Parameters:    Size  Location     Type
  t               2    0[COMRAM] int 
 Auto vars:     Size  Location     Type
  i               2    2[COMRAM] volatile unsigned int 
  k               1    5[COMRAM] volatile unsigned char 
  j               1    4[COMRAM] volatile unsigned char 
 Return value:  Size  Location     Type
                  1    wreg      void 
 Registers used:
		wreg, status,2, status,0
 Tracked objects:
		On entry : 
		On exit  : 
		Unchanged: 
 Data sizes:     COMRAM   BANK0   BANK1   BANK2   BANK3   BANK4   BANK5
      Params:         2       0       0       0       0       0       0
      Locals:         4       0       0       0       0       0       0
      Temps:          0       0       0       0       0       0       0
      Totals:         6       0       0       0       0       0       0
Total ram usage:        6 bytes
 Hardware stack levels used:    1
 This function calls:
		Nothing
 This function is called by:
		_piscaLed
		_leconta
		_lcd_cmd
		_lcd_dat
		_lcd_init
		_tc_tecla
 This function uses a non-reentrant model


 *************** function _exibeSeg *****************
 Defined at:
		line 74 in file "caixaeletronica.c"
 Parameters:    Size  Location     Type
  saldo           4    0[COMRAM] struct valor
 Auto vars:     Size  Location     Type
  k               2    4[COMRAM] unsigned int 
  i               2    0        unsigned int 
 Return value:  Size  Location     Type
                  1    wreg      void 
 Registers used:
		wreg, status,2, status,0
 Tracked objects:
		On entry : 
		On exit  : 
		Unchanged: 
 Data sizes:     COMRAM   BANK0   BANK1   BANK2   BANK3   BANK4   BANK5
      Params:         4       0       0       0       0       0       0
      Locals:         2       0       0       0       0       0       0
      Temps:          0       0       0       0       0       0       0
      Totals:         6       0       0       0       0       0       0
Total ram usage:        6 bytes
 Hardware stack levels used:    1
 This function calls:
		Nothing
 This function is called by:
		_main
 This function uses a non-reentrant model



MODULE INFORMATION

Module		Function		Class		Link	Load	Size
delay.c
		_atraso_ms     		CODE           	14CA	0000	101

delay.c estimated size: 101

teclado.c
		_tc_tecla      		CODE           	0E8A	0000	459

teclado.c estimated size: 459

caixaeletronica.c
		_exibeSeg      		CODE           	069A	0000	1095
		_subtrai       		CODE           	11C0	0000	271
		_piscaLed      		CODE           	1054	0000	365
		_soma          		CODE           	13D6	0000	245
		_leconta       		CODE           	12CE	0000	265

caixaeletronica.c estimated size: 2241

newmain.c
		_main          		CODE           	0AE0	0000	939

newmain.c estimated size: 939

shared
		__initialization		CODE           	15DA	0000	33
		_linha         		SMALLCONST     	0601	0000	5

shared estimated size: 38

lcd.c
		_lcd_cmd       		CODE           	1632	0000	43
		_lcd_dat       		CODE           	1608	0000	43
		_lcd_wr        		CODE           	166A	0000	9
		_lcd_str       		CODE           	158A	0000	81
		_lcd_init      		CODE           	152E	0000	93

lcd.c estimated size: 269

